| Gin.go:20:10:20:29 | call to GetHeader |
| Gin.go:24:10:24:30 | call to QueryArray |
| Gin.go:28:10:28:25 | call to Query |
| Gin.go:32:10:32:33 | call to PostFormArray |
| Gin.go:36:10:36:28 | call to PostForm |
| Gin.go:40:10:40:25 | call to Param |
| Gin.go:44:10:44:34 | call to GetStringSlice |
| Gin.go:48:10:48:29 | call to GetString |
| Gin.go:52:3:52:28 | ... := ...[0] |
| Gin.go:56:10:56:23 | call to ClientIP |
| Gin.go:60:10:60:26 | call to ContentType |
| Gin.go:64:3:64:29 | ... := ...[0] |
| Gin.go:68:3:68:36 | ... := ...[0] |
| Gin.go:72:3:72:31 | ... := ...[0] |
| Gin.go:76:3:76:39 | ... := ...[0] |
| Gin.go:80:3:80:34 | ... := ...[0] |
| Gin.go:84:10:84:52 | call to DefaultPostForm |
| Gin.go:88:10:88:49 | call to DefaultQuery |
| Gin.go:92:3:92:37 | ... := ...[0] |
| Gin.go:96:3:96:34 | ... := ...[0] |
| Gin.go:100:10:100:32 | call to GetStringMap |
| Gin.go:104:10:104:38 | call to GetStringMapString |
| Gin.go:108:10:108:43 | call to GetStringMapStringSlice |
| Gin.go:112:10:112:31 | call to PostFormMap |
| Gin.go:116:10:116:28 | call to QueryMap |
| Gin.go:120:10:120:23 | call to FullPath |
| Gin.go:126:10:126:21 | selection of Accepted |
| Gin.go:130:10:130:19 | selection of Params |
| Gin.go:131:7:131:9 | val |
| Gin.go:131:7:131:12 | index expression |
| Gin.go:131:7:131:18 | selection of Value |
| Gin.go:136:10:136:19 | selection of Params |
| Gin.go:136:10:136:22 | index expression |
| Gin.go:137:7:137:9 | val |
| Gin.go:137:7:137:15 | selection of Value |
| Gin.go:140:10:140:19 | selection of Params |
| Gin.go:140:10:140:34 | call to ByName |
| Gin.go:144:3:144:34 | ... := ...[0] |
| Gin.go:144:13:144:22 | selection of Params |
| Gin.go:150:12:150:21 | selection of Params |
| Gin.go:150:12:150:24 | index expression |
| Gin.go:151:10:151:14 | param |
| Gin.go:151:10:151:18 | selection of Key |
| Gin.go:152:10:152:14 | param |
| Gin.go:152:10:152:20 | selection of Value |
| Gin.go:160:16:160:22 | &... |
| Gin.go:165:15:165:21 | &... |
| Gin.go:170:16:170:22 | &... |
| Gin.go:175:15:175:21 | &... |
| Gin.go:180:17:180:23 | &... |
| Gin.go:185:20:185:26 | &... |
| Gin.go:190:16:190:22 | &... |
| Gin.go:195:12:195:18 | &... |
| Gin.go:200:18:200:24 | &... |
| Gin.go:205:26:205:32 | &... |
| Gin.go:210:22:210:28 | &... |
| Gin.go:215:23:215:29 | &... |
| Gin.go:220:21:220:27 | &... |
| Gin.go:225:22:225:28 | &... |
| Gin.go:230:21:230:27 | &... |
| Gin.go:235:22:235:28 | &... |
| Gin.go:240:18:240:24 | &... |
| Gin.go:245:24:245:30 | &... |
