| mail.go:14:56:14:77 | type conversion |
| mail.go:20:24:20:37 | untrustedInput |
| mail.go:27:32:27:36 | alert |
| mail.go:27:43:27:47 | alert |
| mail.go:27:50:27:54 | alert |
| mail.go:30:46:30:50 | alert |
| mail.go:34:47:34:51 | alert |
| mail.go:35:47:35:51 | alert |
| mail.go:38:35:38:39 | alert |
